Java HotSpot(TM) 64-Bit Server VM (25.144-b01) for windows-amd64 JRE (1.8.0_144-b01), built on Jul 21 2017 21:57:33 by "java_re" with MS VC++ 10.0 (VS2010)
Memory: 4k page, physical 4097964k(1549436k free), swap 9300312k(2837364k free)
CommandLine flags: -XX:InitialHeapSize=2357198848 -XX:MaxHeapSize=3145728000 -XX:+PrintGC -XX:+PrintGCDetails -XX:+PrintGCTimeStamps -XX:+UseCompressedClassPointers -XX:+UseCompressedOops -XX:+UseG1GC -XX:-UseLargePagesIndividualAllocation -XX:+UseStringDeduplication 
126.708: [GC pause (Metadata GC Threshold) (young) (initial-mark), 0.1005708 secs]
   [Parallel Time: 42.3 ms, GC Workers: 4]
      [GC Worker Start (ms): Min: 126707.9, Avg: 126708.0, Max: 126708.0, Diff: 0.1]
      [Ext Root Scanning (ms): Min: 0.7, Avg: 1.2, Max: 1.7, Diff: 1.0, Sum: 4.7]
      [Update RS (ms): Min: 0.1, Avg: 1.1, Max: 2.7, Diff: 2.6, Sum: 4.5]
         [Processed Buffers: Min: 1, Avg: 1.3, Max: 2, Diff: 1, Sum: 5]
      [Scan RS (ms): Min: 0.0, Avg: 0.0, Max: 0.0, Diff: 0.0, Sum: 0.1]
      [Code Root Scanning (ms): Min: 0.0, Avg: 0.6, Max: 1.3, Diff: 1.3, Sum: 2.3]
      [Object Copy (ms): Min: 38.1, Avg: 39.2, Max: 39.9, Diff: 1.8, Sum: 156.8]
      [Termination (ms): Min: 0.0, Avg: 0.0, Max: 0.0, Diff: 0.0, Sum: 0.0]
         [Termination Attempts: Min: 1, Avg: 2.8, Max: 4, Diff: 3, Sum: 11]
      [GC Worker Other (ms): Min: 0.0, Avg: 0.1, Max: 0.1, Diff: 0.0, Sum: 0.2]
      [GC Worker Total (ms): Min: 42.1, Avg: 42.2, Max: 42.2, Diff: 0.1, Sum: 168.6]
      [GC Worker End (ms): Min: 126750.1, Avg: 126750.1, Max: 126750.1, Diff: 0.0]
   [Code Root Fixup: 0.8 ms]
   [Code Root Purge: 0.3 ms]
   [String Dedup Fixup: 1.8 ms, GC Workers: 4]
      [Queue Fixup (ms): Min: 0.0, Avg: 0.0, Max: 0.0, Diff: 0.0, Sum: 0.1]
      [Table Fixup (ms): Min: 0.0, Avg: 0.4, Max: 1.6, Diff: 1.6, Sum: 1.6]
   [Clear CT: 0.1 ms]
   [Other: 55.4 ms]
      [Choose CSet: 0.0 ms]
      [Ref Proc: 53.9 ms]
      [Ref Enq: 0.1 ms]
      [Redirty Cards: 0.1 ms]
      [Humongous Register: 0.0 ms]
      [Humongous Reclaim: 0.0 ms]
      [Free CSet: 0.5 ms]
   [Eden: 92.0M(112.0M)->0.0B(98.0M) Survivors: 0.0B->14.0M Heap: 92.0M(2248.0M)->27.4M(2248.0M)]
 [Times: user=0.19 sys=0.00, real=0.10 secs] 
126.809: [GC concurrent-root-region-scan-start]
126.811: [GC concurrent-string-deduplication, 394.9K->248.2K(146.8K), avg 37.2%, 0.0023196 secs]
126.845: [GC concurrent-root-region-scan-end, 0.0362411 secs]
126.845: [GC concurrent-mark-start]
126.940: [GC concurrent-mark-end, 0.0950717 secs]
126.941: [GC remark 126.941: [Finalize Marking, 0.0002090 secs] 126.941: [GC ref-proc, 0.0000704 secs] 126.941: [Unloading, 0.0038951 secs], 0.0047306 secs]
 [Times: user=0.00 sys=0.00, real=0.00 secs] 
126.946: [GC cleanup 28M->28M(2248M), 0.0023877 secs]
 [Times: user=0.00 sys=0.00, real=0.00 secs] 
